<area shape="rect" href="$phonefirewall__administration_8c.html#36847ed3459e2a89038772ece42a017d" title="add_blacklist_entry" alt="" coords="197,5,341,32">
<area shape="rect" href="$phonefirewall__administration_8c.html#eec16cb88eb546b1a2490e6716d75f8b" title="add_whitelist_entry" alt="" coords="197,56,341,83">
<area shape="rect" href="$phonefirewall__administration_8c.html#f28c4b8fd3fdfe5e70df391cf40ca9f2" title="check_blacklist_entry" alt="" coords="192,107,347,133">
<area shape="rect" href="$phonefirewall__administration_8c.html#f144fe0aa2eb227fe646da21048388a5" title="check_whitelist_entry" alt="" coords="192,157,347,184">
<area shape="rect" href="$pf__daemon_8c.html#db0a9558ddd4dc0bbad7b5ddfc5231c6" title="dbus_listen" alt="" coords="435,284,528,311">
<area shape="rect" href="$phonefirewall__search_8c.html#9d31efccbc01d9cef3876329cf9ed4a2" title="get_blacklist_entry_by_name" alt="" coords="167,259,372,285">
<area shape="rect" href="$phonefirewall__administration_8c.html#4eee00c845ad4a60eaccef8c41151ea4" title="rm_blacklist_entry" alt="" coords="201,309,337,336">
<area shape="rect" href="$phonefirewall__administration_8c.html#307d220ee8e63926af279460532787ff" title="rm_whitelist_entry" alt="" coords="201,360,337,387">
<area shape="rect" href="$pf__daemon_8c.html#0e2f72a981c64aefe314e745b28b6387" title="start_daemon" alt="" coords="595,411,707,437">
<area shape="rect" href="$pf__daemon_8c.html#725630dc6f9856b1349100761924050f" title="stop_daemon" alt="" coords="215,461,324,488">
<area shape="rect" href="$pf__daemon_8c.html#3c04138a5bfe5d72780bb7e82a18e627" title="main" alt="" coords="760,436,813,463">
<area shape="rect" href="$pf__daemon_8c.html#d2299acc69fcb71b0a8e1aeb08873c77" title="react_to_signal" alt="" coords="423,512,540,539">
<area shape="rect" href="$pf__daemon_8c.html#898171fabd191568d79e2abf536d92e5" title="install_sigaction" alt="" coords="589,512,712,539">
