<area shape="rect" href="$pf__administration_8h.html#6c03680796f887d3851428fb2b9ecbc5" title="add_entry" alt="" coords="227,5,312,32">
<area shape="rect" href="$pf__administration_8h.html#754e9a8891128a285fc17132b5480a07" title="check_entry" alt="" coords="220,56,319,83">
<area shape="rect" href="$pf__daemon_8c.html#db0a9558ddd4dc0bbad7b5ddfc5231c6" title="dbus_listen" alt="" coords="435,157,528,184">
<area shape="rect" href="$pf__search_8h.html#9d31efccbc01d9cef3876329cf9ed4a2" title="get_blacklist_entry_by_name" alt="" coords="167,157,372,184">
<area shape="rect" href="$pf__administration_8h.html#b6c4b54e76914072e8c0d06f9e450d33" title="rm_entry" alt="" coords="229,208,309,235">
<area shape="rect" href="$pf__daemon_8c.html#0e2f72a981c64aefe314e745b28b6387" title="start_daemon" alt="" coords="595,259,707,285">
<area shape="rect" href="$pf__daemon_8c.html#725630dc6f9856b1349100761924050f" title="stop_daemon" alt="" coords="215,309,324,336">
<area shape="rect" href="$pf__daemon_8c.html#3c04138a5bfe5d72780bb7e82a18e627" title="main" alt="" coords="760,284,813,311">
<area shape="rect" href="$pf__daemon_8c.html#d2299acc69fcb71b0a8e1aeb08873c77" title="react_to_signal" alt="" coords="423,360,540,387">
<area shape="rect" href="$pf__daemon_8c.html#898171fabd191568d79e2abf536d92e5" title="install_sigaction" alt="" coords="589,360,712,387">
